// Jest Snapshot v1, https://goo.gl/fbAQLP

exports[`Signup Component renders correctly 1`] = `
<div
  id="signup-component"
>
  <div
    id="signup-container"
  >
    <h1>
      Sign Up Now
    </h1>
    <form>
      <input
        name="fullName"
        onChange={[Function]}
        placeholder="Full Name"
        type="text"
        value=""
      />
      <input
        name="email"
        onChange={[Function]}
        placeholder="Email Address"
        type="email"
        value=""
      />
      <input
        name="phoneNumber"
        onChange={[Function]}
        placeholder="Phone Number"
        type="tel"
        value=""
      />
      <input
        name="password"
        onChange={[Function]}
        placeholder="Password"
        type="password"
        value=""
      />
      <input
        name="address"
        onChange={[Function]}
        placeholder="Address"
        type="text"
        value=""
      />
      <button
        className="button"
        onClick={[Function]}
      >
        SIGN UP
      </button>
    </form>
  </div>
</div>
`;
